Archive member included to satisfy reference by file (symbol)

/usr/lib/gcc/avr/5.3.0/../../../../avr/lib/avr5/libprintf_flt.a(vfprintf_flt.o)
                              (vfprintf)
/usr/lib/gcc/avr/5.3.0/../../../../avr/lib/avr5/libm.a(floatsisf.o)
                              main.o (__floatsisf)
/usr/lib/gcc/avr/5.3.0/../../../../avr/lib/avr5/libm.a(gesf2.o)
                              main.o (__gesf2)
/usr/lib/gcc/avr/5.3.0/../../../../avr/lib/avr5/libm.a(mulsf3.o)
                              main.o (__mulsf3)
/usr/lib/gcc/avr/5.3.0/../../../../avr/lib/avr5/libm.a(mulsf3x.o)
                              /usr/lib/gcc/avr/5.3.0/../../../../avr/lib/avr5/libm.a(mulsf3.o) (__mulsf3x)
/usr/lib/gcc/avr/5.3.0/../../../../avr/lib/avr5/libm.a(fp_cmp.o)
                              /usr/lib/gcc/avr/5.3.0/../../../../avr/lib/avr5/libm.a(gesf2.o) (__fp_cmp)
/usr/lib/gcc/avr/5.3.0/../../../../avr/lib/avr5/libm.a(fp_inf.o)
                              /usr/lib/gcc/avr/5.3.0/../../../../avr/lib/avr5/libm.a(mulsf3x.o) (__fp_inf)
/usr/lib/gcc/avr/5.3.0/../../../../avr/lib/avr5/libm.a(fp_nan.o)
                              /usr/lib/gcc/avr/5.3.0/../../../../avr/lib/avr5/libm.a(mulsf3x.o) (__fp_nan)
/usr/lib/gcc/avr/5.3.0/../../../../avr/lib/avr5/libm.a(fp_pscA.o)
                              /usr/lib/gcc/avr/5.3.0/../../../../avr/lib/avr5/libm.a(mulsf3x.o) (__fp_pscA)
/usr/lib/gcc/avr/5.3.0/../../../../avr/lib/avr5/libm.a(fp_pscB.o)
                              /usr/lib/gcc/avr/5.3.0/../../../../avr/lib/avr5/libm.a(mulsf3x.o) (__fp_pscB)
/usr/lib/gcc/avr/5.3.0/../../../../avr/lib/avr5/libm.a(fp_round.o)
                              /usr/lib/gcc/avr/5.3.0/../../../../avr/lib/avr5/libm.a(mulsf3.o) (__fp_round)
/usr/lib/gcc/avr/5.3.0/../../../../avr/lib/avr5/libm.a(fp_split3.o)
                              /usr/lib/gcc/avr/5.3.0/../../../../avr/lib/avr5/libm.a(mulsf3x.o) (__fp_split3)
/usr/lib/gcc/avr/5.3.0/../../../../avr/lib/avr5/libm.a(fp_zero.o)
                              /usr/lib/gcc/avr/5.3.0/../../../../avr/lib/avr5/libm.a(mulsf3x.o) (__fp_szero)
/usr/lib/gcc/avr/5.3.0/avr5/libgcc.a(_exit.o)
                              /usr/lib/gcc/avr/5.3.0/../../../../avr/lib/avr5/crtatmega168p.o (exit)
/usr/lib/gcc/avr/5.3.0/avr5/libgcc.a(_copy_data.o)
                              main.o (__do_copy_data)
/usr/lib/gcc/avr/5.3.0/avr5/libgcc.a(_clear_bss.o)
                              main.o (__do_clear_bss)
/usr/lib/gcc/avr/5.3.0/avr5/libgcc.a(_prologue.o)
                              /usr/lib/gcc/avr/5.3.0/../../../../avr/lib/avr5/libprintf_flt.a(vfprintf_flt.o) (__prologue_saves__)
/usr/lib/gcc/avr/5.3.0/avr5/libgcc.a(_epilogue.o)
                              /usr/lib/gcc/avr/5.3.0/../../../../avr/lib/avr5/libprintf_flt.a(vfprintf_flt.o) (__epilogue_restores__)
/usr/lib/gcc/avr/5.3.0/../../../../avr/lib/avr5/libc.a(ftoa_engine.o)
                              /usr/lib/gcc/avr/5.3.0/../../../../avr/lib/avr5/libprintf_flt.a(vfprintf_flt.o) (__ftoa_engine)
/usr/lib/gcc/avr/5.3.0/../../../../avr/lib/avr5/libc.a(strnlen_P.o)
                              /usr/lib/gcc/avr/5.3.0/../../../../avr/lib/avr5/libprintf_flt.a(vfprintf_flt.o) (strnlen_P)
/usr/lib/gcc/avr/5.3.0/../../../../avr/lib/avr5/libc.a(strnlen.o)
                              /usr/lib/gcc/avr/5.3.0/../../../../avr/lib/avr5/libprintf_flt.a(vfprintf_flt.o) (strnlen)
/usr/lib/gcc/avr/5.3.0/../../../../avr/lib/avr5/libc.a(fputc.o)
                              /usr/lib/gcc/avr/5.3.0/../../../../avr/lib/avr5/libprintf_flt.a(vfprintf_flt.o) (fputc)
/usr/lib/gcc/avr/5.3.0/../../../../avr/lib/avr5/libc.a(iob.o)
                              main.o (__iob)
/usr/lib/gcc/avr/5.3.0/../../../../avr/lib/avr5/libc.a(printf.o)
                              main.o (printf)
/usr/lib/gcc/avr/5.3.0/../../../../avr/lib/avr5/libc.a(puts.o)
                              main.o (puts)
/usr/lib/gcc/avr/5.3.0/../../../../avr/lib/avr5/libc.a(ultoa_invert.o)
                              /usr/lib/gcc/avr/5.3.0/../../../../avr/lib/avr5/libprintf_flt.a(vfprintf_flt.o) (__ultoa_invert)

Allocating common symbols
Common symbol       size              file

tot_overflow0       0x2               main.o
tot_overflow1       0x2               main.o
__iob               0x6               /usr/lib/gcc/avr/5.3.0/../../../../avr/lib/avr5/libc.a(iob.o)

Memory Configuration

Name             Origin             Length             Attributes
text             0x0000000000000000 0x0000000000020000 xr
data             0x0000000000800060 0x000000000000ffa0 rw !x
eeprom           0x0000000000810000 0x0000000000010000 rw !x
fuse             0x0000000000820000 0x0000000000000400 rw !x
lock             0x0000000000830000 0x0000000000000400 rw !x
signature        0x0000000000840000 0x0000000000000400 rw !x
*default*        0x0000000000000000 0xffffffffffffffff

Linker script and memory map

Address of section .data set to 0x800100
LOAD /usr/lib/gcc/avr/5.3.0/../../../../avr/lib/avr5/crtatmega168p.o
LOAD main.o
LOAD UART.o
LOAD /usr/lib/gcc/avr/5.3.0/../../../../avr/lib/avr5/libprintf_flt.a
LOAD /usr/lib/gcc/avr/5.3.0/../../../../avr/lib/avr5/libm.a
START GROUP
LOAD /usr/lib/gcc/avr/5.3.0/avr5/libgcc.a
LOAD /usr/lib/gcc/avr/5.3.0/../../../../avr/lib/avr5/libm.a
LOAD /usr/lib/gcc/avr/5.3.0/../../../../avr/lib/avr5/libc.a
LOAD /usr/lib/gcc/avr/5.3.0/../../../../avr/lib/avr5/libatmega168p.a
END GROUP

.hash
 *(.hash)

.dynsym
 *(.dynsym)

.dynstr
 *(.dynstr)

.gnu.version
 *(.gnu.version)

.gnu.version_d
 *(.gnu.version_d)

.gnu.version_r
 *(.gnu.version_r)

.rel.init
 *(.rel.init)

.rela.init
 *(.rela.init)

.rel.text
 *(.rel.text)
 *(.rel.text.*)
 *(.rel.gnu.linkonce.t*)

.rela.text
 *(.rela.text)
 *(.rela.text.*)
 *(.rela.gnu.linkonce.t*)

.rel.fini
 *(.rel.fini)

.rela.fini
 *(.rela.fini)

.rel.rodata
 *(.rel.rodata)
 *(.rel.rodata.*)
 *(.rel.gnu.linkonce.r*)

.rela.rodata
 *(.rela.rodata)
 *(.rela.rodata.*)
 *(.rela.gnu.linkonce.r*)

.rel.data
 *(.rel.data)
 *(.rel.data.*)
 *(.rel.gnu.linkonce.d*)

.rela.data
 *(.rela.data)
 *(.rela.data.*)
 *(.rela.gnu.linkonce.d*)

.rel.ctors
 *(.rel.ctors)

.rela.ctors
 *(.rela.ctors)

.rel.dtors
 *(.rel.dtors)

.rela.dtors
 *(.rela.dtors)

.rel.got
 *(.rel.got)

.rela.got
 *(.rela.got)

.rel.bss
 *(.rel.bss)

.rela.bss
 *(.rela.bss)

.rel.plt
 *(.rel.plt)

.rela.plt
 *(.rela.plt)

.text           0x0000000000000000     0x1172
 *(.vectors)
 .vectors       0x0000000000000000       0x68 /usr/lib/gcc/avr/5.3.0/../../../../avr/lib/avr5/crtatmega168p.o
                0x0000000000000000                __vectors
                0x0000000000000000                __vector_default
 *(.vectors)
 *(.progmem.gcc*)
                0x0000000000000068                . = ALIGN (0x2)
                0x0000000000000068                __trampolines_start = .
 *(.trampolines)
 .trampolines   0x0000000000000068        0x0 linker stubs
 *(.trampolines*)
                0x0000000000000068                __trampolines_end = .
 *(.progmem*)
 .progmem.data  0x0000000000000068        0x8 /usr/lib/gcc/avr/5.3.0/../../../../avr/lib/avr5/libprintf_flt.a(vfprintf_flt.o)
 .progmem.data  0x0000000000000070       0xfa /usr/lib/gcc/avr/5.3.0/../../../../avr/lib/avr5/libc.a(ftoa_engine.o)
                0x000000000000016a                . = ALIGN (0x2)
 *(.jumptables)
 *(.jumptables*)
 *(.lowtext)
 *(.lowtext*)
                0x000000000000016a                __ctors_start = .
 *(.ctors)
                0x000000000000016a                __ctors_end = .
                0x000000000000016a                __dtors_start = .
 *(.dtors)
                0x000000000000016a                __dtors_end = .
 SORT(*)(.ctors)
 SORT(*)(.dtors)
 *(.init0)
 .init0         0x000000000000016a        0x0 /usr/lib/gcc/avr/5.3.0/../../../../avr/lib/avr5/crtatmega168p.o
                0x000000000000016a                __init
 *(.init0)
 *(.init1)
 *(.init1)
 *(.init2)
 .init2         0x000000000000016a        0xc /usr/lib/gcc/avr/5.3.0/../../../../avr/lib/avr5/crtatmega168p.o
 *(.init2)
 *(.init3)
 *(.init3)
 *(.init4)
 .init4         0x0000000000000176       0x16 /usr/lib/gcc/avr/5.3.0/avr5/libgcc.a(_copy_data.o)
                0x0000000000000176                __do_copy_data
 .init4         0x000000000000018c       0x10 /usr/lib/gcc/avr/5.3.0/avr5/libgcc.a(_clear_bss.o)
                0x000000000000018c                __do_clear_bss
 *(.init4)
 *(.init5)
 *(.init5)
 *(.init6)
 *(.init6)
 *(.init7)
 *(.init7)
 *(.init8)
 *(.init8)
 *(.init9)
 .init9         0x000000000000019c        0x8 /usr/lib/gcc/avr/5.3.0/../../../../avr/lib/avr5/crtatmega168p.o
 *(.init9)
 *(.text)
 .text          0x00000000000001a4        0x4 /usr/lib/gcc/avr/5.3.0/../../../../avr/lib/avr5/crtatmega168p.o
                0x00000000000001a4                __vector_22
                0x00000000000001a4                __vector_1
                0x00000000000001a4                __vector_24
                0x00000000000001a4                __vector_12
                0x00000000000001a4                __bad_interrupt
                0x00000000000001a4                __vector_6
                0x00000000000001a4                __vector_3
                0x00000000000001a4                __vector_23
                0x00000000000001a4                __vector_25
                0x00000000000001a4                __vector_11
                0x00000000000001a4                __vector_13
                0x00000000000001a4                __vector_17
                0x00000000000001a4                __vector_19
                0x00000000000001a4                __vector_7
                0x00000000000001a4                __vector_5
                0x00000000000001a4                __vector_4
                0x00000000000001a4                __vector_2
                0x00000000000001a4                __vector_21
                0x00000000000001a4                __vector_15
                0x00000000000001a4                __vector_8
                0x00000000000001a4                __vector_14
                0x00000000000001a4                __vector_10
                0x00000000000001a4                __vector_18
                0x00000000000001a4                __vector_20
 .text          0x00000000000001a8      0x1f2 main.o
                0x00000000000001a8                send_state
                0x00000000000001be                exit_state
                0x00000000000001cc                entry_state
                0x00000000000001d2                timer0_init
                0x00000000000001f0                timer2_init
                0x0000000000000212                reset_timer_0
                0x000000000000021e                reset_timer_2
                0x000000000000022c                ping_state
                0x0000000000000338                alarm_state
                0x000000000000033e                __vector_16
                0x000000000000036c                __vector_9
 .text          0x000000000000039a       0x46 UART.o
                0x000000000000039a                USART0Init
                0x00000000000003ba                USART0SendByte
 .text          0x00000000000003e0        0x0 /usr/lib/gcc/avr/5.3.0/../../../../avr/lib/avr5/libprintf_flt.a(vfprintf_flt.o)
 .text          0x00000000000003e0        0x0 /usr/lib/gcc/avr/5.3.0/../../../../avr/lib/avr5/libm.a(floatsisf.o)
 .text          0x00000000000003e0        0x0 /usr/lib/gcc/avr/5.3.0/../../../../avr/lib/avr5/libm.a(gesf2.o)
 .text          0x00000000000003e0        0x0 /usr/lib/gcc/avr/5.3.0/../../../../avr/lib/avr5/libm.a(mulsf3.o)
 .text          0x00000000000003e0        0x0 /usr/lib/gcc/avr/5.3.0/../../../../avr/lib/avr5/libm.a(mulsf3x.o)
 .text          0x00000000000003e0        0x0 /usr/lib/gcc/avr/5.3.0/../../../../avr/lib/avr5/libm.a(fp_cmp.o)
 .text          0x00000000000003e0        0x0 /usr/lib/gcc/avr/5.3.0/../../../../avr/lib/avr5/libm.a(fp_inf.o)
 .text          0x00000000000003e0        0x0 /usr/lib/gcc/avr/5.3.0/../../../../avr/lib/avr5/libm.a(fp_nan.o)
 .text          0x00000000000003e0        0x0 /usr/lib/gcc/avr/5.3.0/../../../../avr/lib/avr5/libm.a(fp_pscA.o)
 .text          0x00000000000003e0        0x0 /usr/lib/gcc/avr/5.3.0/../../../../avr/lib/avr5/libm.a(fp_pscB.o)
 .text          0x00000000000003e0        0x0 /usr/lib/gcc/avr/5.3.0/../../../../avr/lib/avr5/libm.a(fp_round.o)
 .text          0x00000000000003e0        0x0 /usr/lib/gcc/avr/5.3.0/../../../../avr/lib/avr5/libm.a(fp_split3.o)
 .text          0x00000000000003e0        0x0 /usr/lib/gcc/avr/5.3.0/../../../../avr/lib/avr5/libm.a(fp_zero.o)
 .text          0x00000000000003e0        0x0 /usr/lib/gcc/avr/5.3.0/avr5/libgcc.a(_exit.o)
 .text          0x00000000000003e0        0x0 /usr/lib/gcc/avr/5.3.0/avr5/libgcc.a(_copy_data.o)
 .text          0x00000000000003e0        0x0 /usr/lib/gcc/avr/5.3.0/avr5/libgcc.a(_clear_bss.o)
 .text          0x00000000000003e0        0x0 /usr/lib/gcc/avr/5.3.0/avr5/libgcc.a(_prologue.o)
 .text          0x00000000000003e0        0x0 /usr/lib/gcc/avr/5.3.0/avr5/libgcc.a(_epilogue.o)
 .text          0x00000000000003e0        0x0 /usr/lib/gcc/avr/5.3.0/../../../../avr/lib/avr5/libc.a(ftoa_engine.o)
 .text          0x00000000000003e0        0x0 /usr/lib/gcc/avr/5.3.0/../../../../avr/lib/avr5/libc.a(strnlen_P.o)
 .text          0x00000000000003e0        0x0 /usr/lib/gcc/avr/5.3.0/../../../../avr/lib/avr5/libc.a(strnlen.o)
 .text          0x00000000000003e0        0x0 /usr/lib/gcc/avr/5.3.0/../../../../avr/lib/avr5/libc.a(fputc.o)
 .text          0x00000000000003e0        0x0 /usr/lib/gcc/avr/5.3.0/../../../../avr/lib/avr5/libc.a(iob.o)
 .text          0x00000000000003e0        0x0 /usr/lib/gcc/avr/5.3.0/../../../../avr/lib/avr5/libc.a(printf.o)
 .text          0x00000000000003e0        0x0 /usr/lib/gcc/avr/5.3.0/../../../../avr/lib/avr5/libc.a(puts.o)
 .text          0x00000000000003e0        0x0 /usr/lib/gcc/avr/5.3.0/../../../../avr/lib/avr5/libc.a(ultoa_invert.o)
                0x00000000000003e0                . = ALIGN (0x2)
 *(.text.*)
 .text.startup  0x00000000000003e0       0x74 main.o
                0x00000000000003e0                main
 .text.avr-libc
                0x0000000000000454      0x6e0 /usr/lib/gcc/avr/5.3.0/../../../../avr/lib/avr5/libprintf_flt.a(vfprintf_flt.o)
                0x0000000000000454                vfprintf
 .text.avr-libc.fplib
                0x0000000000000b34       0x7a /usr/lib/gcc/avr/5.3.0/../../../../avr/lib/avr5/libm.a(floatsisf.o)
                0x0000000000000b34                __floatunsisf
                0x0000000000000b38                __floatsisf
 .text.avr-libc.fplib
                0x0000000000000bae        0xa /usr/lib/gcc/avr/5.3.0/../../../../avr/lib/avr5/libm.a(gesf2.o)
                0x0000000000000bae                __gtsf2
                0x0000000000000bae                __gesf2
 .text.avr-libc.fplib
                0x0000000000000bb8        0x8 /usr/lib/gcc/avr/5.3.0/../../../../avr/lib/avr5/libm.a(mulsf3.o)
                0x0000000000000bb8                __mulsf3
 .text.avr-libc.fplib
                0x0000000000000bc0       0xd2 /usr/lib/gcc/avr/5.3.0/../../../../avr/lib/avr5/libm.a(mulsf3x.o)
                0x0000000000000bde                __mulsf3x
                0x0000000000000be4                __mulsf3_pse
 .text.avr-libc.fplib
                0x0000000000000c92       0x48 /usr/lib/gcc/avr/5.3.0/../../../../avr/lib/avr5/libm.a(fp_cmp.o)
                0x0000000000000c92                __fp_cmp
 .text.avr-libc.fplib
                0x0000000000000cda        0xc /usr/lib/gcc/avr/5.3.0/../../../../avr/lib/avr5/libm.a(fp_inf.o)
                0x0000000000000cda                __fp_inf
 .text.avr-libc.fplib
                0x0000000000000ce6        0x6 /usr/lib/gcc/avr/5.3.0/../../../../avr/lib/avr5/libm.a(fp_nan.o)
                0x0000000000000ce6                __fp_nan
 .text.avr-libc.fplib
                0x0000000000000cec        0xe /usr/lib/gcc/avr/5.3.0/../../../../avr/lib/avr5/libm.a(fp_pscA.o)
                0x0000000000000cec                __fp_pscA
 .text.avr-libc.fplib
                0x0000000000000cfa        0xe /usr/lib/gcc/avr/5.3.0/../../../../avr/lib/avr5/libm.a(fp_pscB.o)
                0x0000000000000cfa                __fp_pscB
 .text.avr-libc.fplib
                0x0000000000000d08       0x22 /usr/lib/gcc/avr/5.3.0/../../../../avr/lib/avr5/libm.a(fp_round.o)
                0x0000000000000d08                __fp_round
 .text.avr-libc.fplib
                0x0000000000000d2a       0x44 /usr/lib/gcc/avr/5.3.0/../../../../avr/lib/avr5/libm.a(fp_split3.o)
                0x0000000000000d2a                __fp_split3
                0x0000000000000d3a                __fp_splitA
 .text.avr-libc.fplib
                0x0000000000000d6e        0xe /usr/lib/gcc/avr/5.3.0/../../../../avr/lib/avr5/libm.a(fp_zero.o)
                0x0000000000000d6e                __fp_zero
                0x0000000000000d70                __fp_szero
 .text.libgcc.mul
                0x0000000000000d7c        0x0 /usr/lib/gcc/avr/5.3.0/avr5/libgcc.a(_exit.o)
 .text.libgcc.div
                0x0000000000000d7c        0x0 /usr/lib/gcc/avr/5.3.0/avr5/libgcc.a(_exit.o)
 .text.libgcc   0x0000000000000d7c        0x0 /usr/lib/gcc/avr/5.3.0/avr5/libgcc.a(_exit.o)
 .text.libgcc.prologue
                0x0000000000000d7c        0x0 /usr/lib/gcc/avr/5.3.0/avr5/libgcc.a(_exit.o)
 .text.libgcc.builtins
                0x0000000000000d7c        0x0 /usr/lib/gcc/avr/5.3.0/avr5/libgcc.a(_exit.o)
 .text.libgcc.fmul
                0x0000000000000d7c        0x0 /usr/lib/gcc/avr/5.3.0/avr5/libgcc.a(_exit.o)
 .text.libgcc.fixed
                0x0000000000000d7c        0x0 /usr/lib/gcc/avr/5.3.0/avr5/libgcc.a(_exit.o)
 .text.libgcc.mul
                0x0000000000000d7c        0x0 /usr/lib/gcc/avr/5.3.0/avr5/libgcc.a(_copy_data.o)
 .text.libgcc.div
                0x0000000000000d7c        0x0 /usr/lib/gcc/avr/5.3.0/avr5/libgcc.a(_copy_data.o)
 .text.libgcc   0x0000000000000d7c        0x0 /usr/lib/gcc/avr/5.3.0/avr5/libgcc.a(_copy_data.o)
 .text.libgcc.prologue
                0x0000000000000d7c        0x0 /usr/lib/gcc/avr/5.3.0/avr5/libgcc.a(_copy_data.o)
 .text.libgcc.builtins
                0x0000000000000d7c        0x0 /usr/lib/gcc/avr/5.3.0/avr5/libgcc.a(_copy_data.o)
 .text.libgcc.fmul
                0x0000000000000d7c        0x0 /usr/lib/gcc/avr/5.3.0/avr5/libgcc.a(_copy_data.o)
 .text.libgcc.fixed
                0x0000000000000d7c        0x0 /usr/lib/gcc/avr/5.3.0/avr5/libgcc.a(_copy_data.o)
 .text.libgcc.mul
                0x0000000000000d7c        0x0 /usr/lib/gcc/avr/5.3.0/avr5/libgcc.a(_clear_bss.o)
 .text.libgcc.div
                0x0000000000000d7c        0x0 /usr/lib/gcc/avr/5.3.0/avr5/libgcc.a(_clear_bss.o)
 .text.libgcc   0x0000000000000d7c        0x0 /usr/lib/gcc/avr/5.3.0/avr5/libgcc.a(_clear_bss.o)
 .text.libgcc.prologue
                0x0000000000000d7c        0x0 /usr/lib/gcc/avr/5.3.0/avr5/libgcc.a(_clear_bss.o)
 .text.libgcc.builtins
                0x0000000000000d7c        0x0 /usr/lib/gcc/avr/5.3.0/avr5/libgcc.a(_clear_bss.o)
 .text.libgcc.fmul
                0x0000000000000d7c        0x0 /usr/lib/gcc/avr/5.3.0/avr5/libgcc.a(_clear_bss.o)
 .text.libgcc.fixed
                0x0000000000000d7c        0x0 /usr/lib/gcc/avr/5.3.0/avr5/libgcc.a(_clear_bss.o)
 .text.libgcc.mul
                0x0000000000000d7c        0x0 /usr/lib/gcc/avr/5.3.0/avr5/libgcc.a(_prologue.o)
 .text.libgcc.div
                0x0000000000000d7c        0x0 /usr/lib/gcc/avr/5.3.0/avr5/libgcc.a(_prologue.o)
 .text.libgcc   0x0000000000000d7c        0x0 /usr/lib/gcc/avr/5.3.0/avr5/libgcc.a(_prologue.o)
 .text.libgcc.prologue
                0x0000000000000d7c       0x38 /usr/lib/gcc/avr/5.3.0/avr5/libgcc.a(_prologue.o)
                0x0000000000000d7c                __prologue_saves__
 .text.libgcc.builtins
                0x0000000000000db4        0x0 /usr/lib/gcc/avr/5.3.0/avr5/libgcc.a(_prologue.o)
 .text.libgcc.fmul
                0x0000000000000db4        0x0 /usr/lib/gcc/avr/5.3.0/avr5/libgcc.a(_prologue.o)
 .text.libgcc.fixed
                0x0000000000000db4        0x0 /usr/lib/gcc/avr/5.3.0/avr5/libgcc.a(_prologue.o)
 .text.libgcc.mul
                0x0000000000000db4        0x0 /usr/lib/gcc/avr/5.3.0/avr5/libgcc.a(_epilogue.o)
 .text.libgcc.div
                0x0000000000000db4        0x0 /usr/lib/gcc/avr/5.3.0/avr5/libgcc.a(_epilogue.o)
 .text.libgcc   0x0000000000000db4        0x0 /usr/lib/gcc/avr/5.3.0/avr5/libgcc.a(_epilogue.o)
 .text.libgcc.prologue
                0x0000000000000db4       0x36 /usr/lib/gcc/avr/5.3.0/avr5/libgcc.a(_epilogue.o)
                0x0000000000000db4                __epilogue_restores__
 .text.libgcc.builtins
                0x0000000000000dea        0x0 /usr/lib/gcc/avr/5.3.0/avr5/libgcc.a(_epilogue.o)
 .text.libgcc.fmul
                0x0000000000000dea        0x0 /usr/lib/gcc/avr/5.3.0/avr5/libgcc.a(_epilogue.o)
 .text.libgcc.fixed
                0x0000000000000dea        0x0 /usr/lib/gcc/avr/5.3.0/avr5/libgcc.a(_epilogue.o)
 .text.avr-libc
                0x0000000000000dea      0x1b0 /usr/lib/gcc/avr/5.3.0/../../../../avr/lib/avr5/libc.a(ftoa_engine.o)
                0x0000000000000dea                __ftoa_engine
 .text.avr-libc
                0x0000000000000f9a       0x16 /usr/lib/gcc/avr/5.3.0/../../../../avr/lib/avr5/libc.a(strnlen_P.o)
                0x0000000000000f9a                strnlen_P
 .text.avr-libc
                0x0000000000000fb0       0x16 /usr/lib/gcc/avr/5.3.0/../../../../avr/lib/avr5/libc.a(strnlen.o)
                0x0000000000000fb0                strnlen
 .text.avr-libc
                0x0000000000000fc6       0x60 /usr/lib/gcc/avr/5.3.0/../../../../avr/lib/avr5/libc.a(fputc.o)
                0x0000000000000fc6                fputc
 .text.avr-libc
                0x0000000000001026       0x2c /usr/lib/gcc/avr/5.3.0/../../../../avr/lib/avr5/libc.a(printf.o)
                0x0000000000001026                printf
 .text.avr-libc
                0x0000000000001052       0x60 /usr/lib/gcc/avr/5.3.0/../../../../avr/lib/avr5/libc.a(puts.o)
                0x0000000000001052                puts
 .text.avr-libc
                0x00000000000010b2       0xbc /usr/lib/gcc/avr/5.3.0/../../../../avr/lib/avr5/libc.a(ultoa_invert.o)
                0x00000000000010b2                __ultoa_invert
                0x000000000000116e                . = ALIGN (0x2)
 *(.fini9)
 .fini9         0x000000000000116e        0x0 /usr/lib/gcc/avr/5.3.0/avr5/libgcc.a(_exit.o)
                0x000000000000116e                exit
                0x000000000000116e                _exit
 *(.fini9)
 *(.fini8)
 *(.fini8)
 *(.fini7)
 *(.fini7)
 *(.fini6)
 *(.fini6)
 *(.fini5)
 *(.fini5)
 *(.fini4)
 *(.fini4)
 *(.fini3)
 *(.fini3)
 *(.fini2)
 *(.fini2)
 *(.fini1)
 *(.fini1)
 *(.fini0)
 .fini0         0x000000000000116e        0x4 /usr/lib/gcc/avr/5.3.0/avr5/libgcc.a(_exit.o)
 *(.fini0)
                0x0000000000001172                _etext = .

.data           0x0000000000800100       0x48 load address 0x0000000000001172
                0x0000000000800100                PROVIDE (__data_start, .)
 *(.data)
 .data          0x0000000000800100        0x0 /usr/lib/gcc/avr/5.3.0/../../../../avr/lib/avr5/crtatmega168p.o
 .data          0x0000000000800100       0x2e main.o
                0x0000000000800100                usart0_str
                0x000000000080010e                state_transitions
                0x0000000000800126                state
 .data          0x000000000080012e        0x0 UART.o
 .data          0x000000000080012e        0x0 /usr/lib/gcc/avr/5.3.0/../../../../avr/lib/avr5/libprintf_flt.a(vfprintf_flt.o)
 .data          0x000000000080012e        0x0 /usr/lib/gcc/avr/5.3.0/../../../../avr/lib/avr5/libm.a(floatsisf.o)
 .data          0x000000000080012e        0x0 /usr/lib/gcc/avr/5.3.0/../../../../avr/lib/avr5/libm.a(gesf2.o)
 .data          0x000000000080012e        0x0 /usr/lib/gcc/avr/5.3.0/../../../../avr/lib/avr5/libm.a(mulsf3.o)
 .data          0x000000000080012e        0x0 /usr/lib/gcc/avr/5.3.0/../../../../avr/lib/avr5/libm.a(mulsf3x.o)
 .data          0x000000000080012e        0x0 /usr/lib/gcc/avr/5.3.0/../../../../avr/lib/avr5/libm.a(fp_cmp.o)
 .data          0x000000000080012e        0x0 /usr/lib/gcc/avr/5.3.0/../../../../avr/lib/avr5/libm.a(fp_inf.o)
 .data          0x000000000080012e        0x0 /usr/lib/gcc/avr/5.3.0/../../../../avr/lib/avr5/libm.a(fp_nan.o)
 .data          0x000000000080012e        0x0 /usr/lib/gcc/avr/5.3.0/../../../../avr/lib/avr5/libm.a(fp_pscA.o)
 .data          0x000000000080012e        0x0 /usr/lib/gcc/avr/5.3.0/../../../../avr/lib/avr5/libm.a(fp_pscB.o)
 .data          0x000000000080012e        0x0 /usr/lib/gcc/avr/5.3.0/../../../../avr/lib/avr5/libm.a(fp_round.o)
 .data          0x000000000080012e        0x0 /usr/lib/gcc/avr/5.3.0/../../../../avr/lib/avr5/libm.a(fp_split3.o)
 .data          0x000000000080012e        0x0 /usr/lib/gcc/avr/5.3.0/../../../../avr/lib/avr5/libm.a(fp_zero.o)
 .data          0x000000000080012e        0x0 /usr/lib/gcc/avr/5.3.0/avr5/libgcc.a(_exit.o)
 .data          0x000000000080012e        0x0 /usr/lib/gcc/avr/5.3.0/avr5/libgcc.a(_copy_data.o)
 .data          0x000000000080012e        0x0 /usr/lib/gcc/avr/5.3.0/avr5/libgcc.a(_clear_bss.o)
 .data          0x000000000080012e        0x0 /usr/lib/gcc/avr/5.3.0/avr5/libgcc.a(_prologue.o)
 .data          0x000000000080012e        0x0 /usr/lib/gcc/avr/5.3.0/avr5/libgcc.a(_epilogue.o)
 .data          0x000000000080012e        0x0 /usr/lib/gcc/avr/5.3.0/../../../../avr/lib/avr5/libc.a(ftoa_engine.o)
 .data          0x000000000080012e        0x0 /usr/lib/gcc/avr/5.3.0/../../../../avr/lib/avr5/libc.a(strnlen_P.o)
 .data          0x000000000080012e        0x0 /usr/lib/gcc/avr/5.3.0/../../../../avr/lib/avr5/libc.a(strnlen.o)
 .data          0x000000000080012e        0x0 /usr/lib/gcc/avr/5.3.0/../../../../avr/lib/avr5/libc.a(fputc.o)
 .data          0x000000000080012e        0x0 /usr/lib/gcc/avr/5.3.0/../../../../avr/lib/avr5/libc.a(iob.o)
 .data          0x000000000080012e        0x0 /usr/lib/gcc/avr/5.3.0/../../../../avr/lib/avr5/libc.a(printf.o)
 .data          0x000000000080012e        0x0 /usr/lib/gcc/avr/5.3.0/../../../../avr/lib/avr5/libc.a(puts.o)
 .data          0x000000000080012e        0x0 /usr/lib/gcc/avr/5.3.0/../../../../avr/lib/avr5/libc.a(ultoa_invert.o)
 *(.data*)
 *(.rodata)
 *(.rodata*)
 .rodata.str1.1
                0x000000000080012e       0x19 main.o
 *(.gnu.linkonce.d*)
                0x0000000000800148                . = ALIGN (0x2)
 *fill*         0x0000000000800147        0x1 
                0x0000000000800148                _edata = .
                0x0000000000800148                PROVIDE (__data_end, .)

.bss            0x0000000000800148        0xa
                0x0000000000800148                PROVIDE (__bss_start, .)
 *(.bss)
 .bss           0x0000000000800148        0x0 /usr/lib/gcc/avr/5.3.0/../../../../avr/lib/avr5/crtatmega168p.o
 .bss           0x0000000000800148        0x0 main.o
 .bss           0x0000000000800148        0x0 UART.o
 .bss           0x0000000000800148        0x0 /usr/lib/gcc/avr/5.3.0/../../../../avr/lib/avr5/libprintf_flt.a(vfprintf_flt.o)
 .bss           0x0000000000800148        0x0 /usr/lib/gcc/avr/5.3.0/../../../../avr/lib/avr5/libm.a(floatsisf.o)
 .bss           0x0000000000800148        0x0 /usr/lib/gcc/avr/5.3.0/../../../../avr/lib/avr5/libm.a(gesf2.o)
 .bss           0x0000000000800148        0x0 /usr/lib/gcc/avr/5.3.0/../../../../avr/lib/avr5/libm.a(mulsf3.o)
 .bss           0x0000000000800148        0x0 /usr/lib/gcc/avr/5.3.0/../../../../avr/lib/avr5/libm.a(mulsf3x.o)
 .bss           0x0000000000800148        0x0 /usr/lib/gcc/avr/5.3.0/../../../../avr/lib/avr5/libm.a(fp_cmp.o)
 .bss           0x0000000000800148        0x0 /usr/lib/gcc/avr/5.3.0/../../../../avr/lib/avr5/libm.a(fp_inf.o)
 .bss           0x0000000000800148        0x0 /usr/lib/gcc/avr/5.3.0/../../../../avr/lib/avr5/libm.a(fp_nan.o)
 .bss           0x0000000000800148        0x0 /usr/lib/gcc/avr/5.3.0/../../../../avr/lib/avr5/libm.a(fp_pscA.o)
 .bss           0x0000000000800148        0x0 /usr/lib/gcc/avr/5.3.0/../../../../avr/lib/avr5/libm.a(fp_pscB.o)
 .bss           0x0000000000800148        0x0 /usr/lib/gcc/avr/5.3.0/../../../../avr/lib/avr5/libm.a(fp_round.o)
 .bss           0x0000000000800148        0x0 /usr/lib/gcc/avr/5.3.0/../../../../avr/lib/avr5/libm.a(fp_split3.o)
 .bss           0x0000000000800148        0x0 /usr/lib/gcc/avr/5.3.0/../../../../avr/lib/avr5/libm.a(fp_zero.o)
 .bss           0x0000000000800148        0x0 /usr/lib/gcc/avr/5.3.0/avr5/libgcc.a(_exit.o)
 .bss           0x0000000000800148        0x0 /usr/lib/gcc/avr/5.3.0/avr5/libgcc.a(_copy_data.o)
 .bss           0x0000000000800148        0x0 /usr/lib/gcc/avr/5.3.0/avr5/libgcc.a(_clear_bss.o)
 .bss           0x0000000000800148        0x0 /usr/lib/gcc/avr/5.3.0/avr5/libgcc.a(_prologue.o)
 .bss           0x0000000000800148        0x0 /usr/lib/gcc/avr/5.3.0/avr5/libgcc.a(_epilogue.o)
 .bss           0x0000000000800148        0x0 /usr/lib/gcc/avr/5.3.0/../../../../avr/lib/avr5/libc.a(ftoa_engine.o)
 .bss           0x0000000000800148        0x0 /usr/lib/gcc/avr/5.3.0/../../../../avr/lib/avr5/libc.a(strnlen_P.o)
 .bss           0x0000000000800148        0x0 /usr/lib/gcc/avr/5.3.0/../../../../avr/lib/avr5/libc.a(strnlen.o)
 .bss           0x0000000000800148        0x0 /usr/lib/gcc/avr/5.3.0/../../../../avr/lib/avr5/libc.a(fputc.o)
 .bss           0x0000000000800148        0x0 /usr/lib/gcc/avr/5.3.0/../../../../avr/lib/avr5/libc.a(iob.o)
 .bss           0x0000000000800148        0x0 /usr/lib/gcc/avr/5.3.0/../../../../avr/lib/avr5/libc.a(printf.o)
 .bss           0x0000000000800148        0x0 /usr/lib/gcc/avr/5.3.0/../../../../avr/lib/avr5/libc.a(puts.o)
 .bss           0x0000000000800148        0x0 /usr/lib/gcc/avr/5.3.0/../../../../avr/lib/avr5/libc.a(ultoa_invert.o)
 *(.bss*)
 *(COMMON)
 COMMON         0x0000000000800148        0x4 main.o
                0x0000000000800148                tot_overflow0
                0x000000000080014a                tot_overflow1
 COMMON         0x000000000080014c        0x6 /usr/lib/gcc/avr/5.3.0/../../../../avr/lib/avr5/libc.a(iob.o)
                0x000000000080014c                __iob
                0x0000000000800152                PROVIDE (__bss_end, .)
                0x0000000000001172                __data_load_start = LOADADDR (.data)
                0x00000000000011ba                __data_load_end = (__data_load_start + SIZEOF (.data))

.noinit         0x0000000000800152        0x0
                [!provide]                        PROVIDE (__noinit_start, .)
 *(.noinit*)
                [!provide]                        PROVIDE (__noinit_end, .)
                0x0000000000800152                _end = .
                [!provide]                        PROVIDE (__heap_start, .)

.eeprom         0x0000000000810000        0x0
 *(.eeprom*)
                0x0000000000810000                __eeprom_end = .

.fuse
 *(.fuse)
 *(.lfuse)
 *(.hfuse)
 *(.efuse)

.lock
 *(.lock*)

.signature
 *(.signature*)

.stab           0x0000000000000000      0xe28
 *(.stab)
 .stab          0x0000000000000000      0xa8c main.o
 .stab          0x0000000000000a8c      0x39c UART.o
                                        0x5c4 (size before relaxing)

.stabstr        0x0000000000000000     0x109e
 *(.stabstr)
 .stabstr       0x0000000000000000     0x109e main.o

.stab.excl
 *(.stab.excl)

.stab.exclstr
 *(.stab.exclstr)

.stab.index
 *(.stab.index)

.stab.indexstr
 *(.stab.indexstr)

.comment        0x0000000000000000       0x22
 *(.comment)
 .comment       0x0000000000000000       0x11 main.o
                                         0x12 (size before relaxing)
 .comment       0x0000000000000011       0x12 UART.o
 .comment       0x0000000000000011       0x11 /usr/lib/gcc/avr/5.3.0/../../../../avr/lib/avr5/libprintf_flt.a(vfprintf_flt.o)
                                         0x12 (size before relaxing)
 .comment       0x0000000000000022       0x12 /usr/lib/gcc/avr/5.3.0/../../../../avr/lib/avr5/libc.a(fputc.o)
 .comment       0x0000000000000022       0x12 /usr/lib/gcc/avr/5.3.0/../../../../avr/lib/avr5/libc.a(iob.o)
 .comment       0x0000000000000022       0x12 /usr/lib/gcc/avr/5.3.0/../../../../avr/lib/avr5/libc.a(printf.o)
 .comment       0x0000000000000022       0x12 /usr/lib/gcc/avr/5.3.0/../../../../avr/lib/avr5/libc.a(puts.o)

.note.gnu.avr.deviceinfo
                0x0000000000000000       0x40
 .note.gnu.avr.deviceinfo
                0x0000000000000000       0x40 /usr/lib/gcc/avr/5.3.0/../../../../avr/lib/avr5/crtatmega168p.o

.note.gnu.build-id
 *(.note.gnu.build-id)

.debug
 *(.debug)

.line
 *(.line)

.debug_srcinfo
 *(.debug_srcinfo)

.debug_sfnames
 *(.debug_sfnames)

.debug_aranges
 *(.debug_aranges)

.debug_pubnames
 *(.debug_pubnames)

.debug_info     0x0000000000000000      0x5f4
 *(.debug_info .gnu.linkonce.wi.*)
 .debug_info    0x0000000000000000      0x5f4 /usr/lib/gcc/avr/5.3.0/../../../../avr/lib/avr5/crtatmega168p.o

.debug_abbrev   0x0000000000000000      0x5a2
 *(.debug_abbrev)
 .debug_abbrev  0x0000000000000000      0x5a2 /usr/lib/gcc/avr/5.3.0/../../../../avr/lib/avr5/crtatmega168p.o

.debug_line     0x0000000000000000       0x1d
 *(.debug_line .debug_line.* .debug_line_end)
 .debug_line    0x0000000000000000       0x1d /usr/lib/gcc/avr/5.3.0/../../../../avr/lib/avr5/crtatmega168p.o

.debug_frame
 *(.debug_frame)

.debug_str      0x0000000000000000      0x20b
 *(.debug_str)
 .debug_str     0x0000000000000000      0x20b /usr/lib/gcc/avr/5.3.0/../../../../avr/lib/avr5/crtatmega168p.o

.debug_loc
 *(.debug_loc)

.debug_macinfo
 *(.debug_macinfo)

.debug_weaknames
 *(.debug_weaknames)

.debug_funcnames
 *(.debug_funcnames)

.debug_typenames
 *(.debug_typenames)

.debug_varnames
 *(.debug_varnames)

.debug_pubtypes
 *(.debug_pubtypes)

.debug_ranges
 *(.debug_ranges)

.debug_macro
 *(.debug_macro)
OUTPUT(main.elf elf32-avr)
LOAD linker stubs

Cross Reference Table

Symbol                                            File
USART0Init                                        UART.o
                                                  main.o
USART0SendByte                                    UART.o
                                                  main.o
__bad_interrupt                                   /usr/lib/gcc/avr/5.3.0/../../../../avr/lib/avr5/crtatmega168p.o
__bss_end                                         /usr/lib/gcc/avr/5.3.0/avr5/libgcc.a(_clear_bss.o)
__bss_start                                       /usr/lib/gcc/avr/5.3.0/avr5/libgcc.a(_clear_bss.o)
__data_end                                        /usr/lib/gcc/avr/5.3.0/avr5/libgcc.a(_copy_data.o)
__data_load_start                                 /usr/lib/gcc/avr/5.3.0/avr5/libgcc.a(_copy_data.o)
__data_start                                      /usr/lib/gcc/avr/5.3.0/avr5/libgcc.a(_copy_data.o)
__do_clear_bss                                    /usr/lib/gcc/avr/5.3.0/avr5/libgcc.a(_clear_bss.o)
                                                  /usr/lib/gcc/avr/5.3.0/../../../../avr/lib/avr5/libc.a(iob.o)
                                                  main.o
__do_copy_data                                    /usr/lib/gcc/avr/5.3.0/avr5/libgcc.a(_copy_data.o)
                                                  main.o
__epilogue_restores__                             /usr/lib/gcc/avr/5.3.0/avr5/libgcc.a(_epilogue.o)
                                                  /usr/lib/gcc/avr/5.3.0/../../../../avr/lib/avr5/libc.a(printf.o)
                                                  /usr/lib/gcc/avr/5.3.0/../../../../avr/lib/avr5/libprintf_flt.a(vfprintf_flt.o)
__floatsisf                                       /usr/lib/gcc/avr/5.3.0/../../../../avr/lib/avr5/libm.a(floatsisf.o)
                                                  main.o
__floatunsisf                                     /usr/lib/gcc/avr/5.3.0/../../../../avr/lib/avr5/libm.a(floatsisf.o)
__fp_cmp                                          /usr/lib/gcc/avr/5.3.0/../../../../avr/lib/avr5/libm.a(fp_cmp.o)
                                                  /usr/lib/gcc/avr/5.3.0/../../../../avr/lib/avr5/libm.a(gesf2.o)
__fp_inf                                          /usr/lib/gcc/avr/5.3.0/../../../../avr/lib/avr5/libm.a(fp_inf.o)
                                                  /usr/lib/gcc/avr/5.3.0/../../../../avr/lib/avr5/libm.a(mulsf3x.o)
__fp_nan                                          /usr/lib/gcc/avr/5.3.0/../../../../avr/lib/avr5/libm.a(fp_nan.o)
                                                  /usr/lib/gcc/avr/5.3.0/../../../../avr/lib/avr5/libm.a(mulsf3x.o)
__fp_pscA                                         /usr/lib/gcc/avr/5.3.0/../../../../avr/lib/avr5/libm.a(fp_pscA.o)
                                                  /usr/lib/gcc/avr/5.3.0/../../../../avr/lib/avr5/libm.a(mulsf3x.o)
__fp_pscB                                         /usr/lib/gcc/avr/5.3.0/../../../../avr/lib/avr5/libm.a(fp_pscB.o)
                                                  /usr/lib/gcc/avr/5.3.0/../../../../avr/lib/avr5/libm.a(mulsf3x.o)
__fp_round                                        /usr/lib/gcc/avr/5.3.0/../../../../avr/lib/avr5/libm.a(fp_round.o)
                                                  /usr/lib/gcc/avr/5.3.0/../../../../avr/lib/avr5/libm.a(mulsf3.o)
__fp_split3                                       /usr/lib/gcc/avr/5.3.0/../../../../avr/lib/avr5/libm.a(fp_split3.o)
                                                  /usr/lib/gcc/avr/5.3.0/../../../../avr/lib/avr5/libm.a(mulsf3x.o)
__fp_splitA                                       /usr/lib/gcc/avr/5.3.0/../../../../avr/lib/avr5/libm.a(fp_split3.o)
__fp_szero                                        /usr/lib/gcc/avr/5.3.0/../../../../avr/lib/avr5/libm.a(fp_zero.o)
                                                  /usr/lib/gcc/avr/5.3.0/../../../../avr/lib/avr5/libm.a(mulsf3x.o)
__fp_zero                                         /usr/lib/gcc/avr/5.3.0/../../../../avr/lib/avr5/libm.a(fp_zero.o)
__ftoa_engine                                     /usr/lib/gcc/avr/5.3.0/../../../../avr/lib/avr5/libc.a(ftoa_engine.o)
                                                  /usr/lib/gcc/avr/5.3.0/../../../../avr/lib/avr5/libprintf_flt.a(vfprintf_flt.o)
__gesf2                                           /usr/lib/gcc/avr/5.3.0/../../../../avr/lib/avr5/libm.a(gesf2.o)
                                                  main.o
__gtsf2                                           /usr/lib/gcc/avr/5.3.0/../../../../avr/lib/avr5/libm.a(gesf2.o)
__heap_end                                        /usr/lib/gcc/avr/5.3.0/../../../../avr/lib/avr5/crtatmega168p.o
__init                                            /usr/lib/gcc/avr/5.3.0/../../../../avr/lib/avr5/crtatmega168p.o
__iob                                             /usr/lib/gcc/avr/5.3.0/../../../../avr/lib/avr5/libc.a(iob.o)
                                                  /usr/lib/gcc/avr/5.3.0/../../../../avr/lib/avr5/libc.a(puts.o)
                                                  /usr/lib/gcc/avr/5.3.0/../../../../avr/lib/avr5/libc.a(printf.o)
                                                  main.o
__mulsf3                                          /usr/lib/gcc/avr/5.3.0/../../../../avr/lib/avr5/libm.a(mulsf3.o)
                                                  main.o
__mulsf3_pse                                      /usr/lib/gcc/avr/5.3.0/../../../../avr/lib/avr5/libm.a(mulsf3x.o)
__mulsf3x                                         /usr/lib/gcc/avr/5.3.0/../../../../avr/lib/avr5/libm.a(mulsf3x.o)
                                                  /usr/lib/gcc/avr/5.3.0/../../../../avr/lib/avr5/libm.a(mulsf3.o)
__prologue_saves__                                /usr/lib/gcc/avr/5.3.0/avr5/libgcc.a(_prologue.o)
                                                  /usr/lib/gcc/avr/5.3.0/../../../../avr/lib/avr5/libc.a(printf.o)
                                                  /usr/lib/gcc/avr/5.3.0/../../../../avr/lib/avr5/libprintf_flt.a(vfprintf_flt.o)
__stack                                           /usr/lib/gcc/avr/5.3.0/../../../../avr/lib/avr5/crtatmega168p.o
__ultoa_invert                                    /usr/lib/gcc/avr/5.3.0/../../../../avr/lib/avr5/libc.a(ultoa_invert.o)
                                                  /usr/lib/gcc/avr/5.3.0/../../../../avr/lib/avr5/libprintf_flt.a(vfprintf_flt.o)
__vector_1                                        /usr/lib/gcc/avr/5.3.0/../../../../avr/lib/avr5/crtatmega168p.o
__vector_10                                       /usr/lib/gcc/avr/5.3.0/../../../../avr/lib/avr5/crtatmega168p.o
__vector_11                                       /usr/lib/gcc/avr/5.3.0/../../../../avr/lib/avr5/crtatmega168p.o
__vector_12                                       /usr/lib/gcc/avr/5.3.0/../../../../avr/lib/avr5/crtatmega168p.o
__vector_13                                       /usr/lib/gcc/avr/5.3.0/../../../../avr/lib/avr5/crtatmega168p.o
__vector_14                                       /usr/lib/gcc/avr/5.3.0/../../../../avr/lib/avr5/crtatmega168p.o
__vector_15                                       /usr/lib/gcc/avr/5.3.0/../../../../avr/lib/avr5/crtatmega168p.o
__vector_16                                       main.o
                                                  /usr/lib/gcc/avr/5.3.0/../../../../avr/lib/avr5/crtatmega168p.o
__vector_17                                       /usr/lib/gcc/avr/5.3.0/../../../../avr/lib/avr5/crtatmega168p.o
__vector_18                                       /usr/lib/gcc/avr/5.3.0/../../../../avr/lib/avr5/crtatmega168p.o
__vector_19                                       /usr/lib/gcc/avr/5.3.0/../../../../avr/lib/avr5/crtatmega168p.o
__vector_2                                        /usr/lib/gcc/avr/5.3.0/../../../../avr/lib/avr5/crtatmega168p.o
__vector_20                                       /usr/lib/gcc/avr/5.3.0/../../../../avr/lib/avr5/crtatmega168p.o
__vector_21                                       /usr/lib/gcc/avr/5.3.0/../../../../avr/lib/avr5/crtatmega168p.o
__vector_22                                       /usr/lib/gcc/avr/5.3.0/../../../../avr/lib/avr5/crtatmega168p.o
__vector_23                                       /usr/lib/gcc/avr/5.3.0/../../../../avr/lib/avr5/crtatmega168p.o
__vector_24                                       /usr/lib/gcc/avr/5.3.0/../../../../avr/lib/avr5/crtatmega168p.o
__vector_25                                       /usr/lib/gcc/avr/5.3.0/../../../../avr/lib/avr5/crtatmega168p.o
__vector_3                                        /usr/lib/gcc/avr/5.3.0/../../../../avr/lib/avr5/crtatmega168p.o
__vector_4                                        /usr/lib/gcc/avr/5.3.0/../../../../avr/lib/avr5/crtatmega168p.o
__vector_5                                        /usr/lib/gcc/avr/5.3.0/../../../../avr/lib/avr5/crtatmega168p.o
__vector_6                                        /usr/lib/gcc/avr/5.3.0/../../../../avr/lib/avr5/crtatmega168p.o
__vector_7                                        /usr/lib/gcc/avr/5.3.0/../../../../avr/lib/avr5/crtatmega168p.o
__vector_8                                        /usr/lib/gcc/avr/5.3.0/../../../../avr/lib/avr5/crtatmega168p.o
__vector_9                                        main.o
                                                  /usr/lib/gcc/avr/5.3.0/../../../../avr/lib/avr5/crtatmega168p.o
__vector_default                                  /usr/lib/gcc/avr/5.3.0/../../../../avr/lib/avr5/crtatmega168p.o
__vectors                                         /usr/lib/gcc/avr/5.3.0/../../../../avr/lib/avr5/crtatmega168p.o
_exit                                             /usr/lib/gcc/avr/5.3.0/avr5/libgcc.a(_exit.o)
alarm_state                                       main.o
entry_state                                       main.o
exit                                              /usr/lib/gcc/avr/5.3.0/avr5/libgcc.a(_exit.o)
                                                  /usr/lib/gcc/avr/5.3.0/../../../../avr/lib/avr5/crtatmega168p.o
exit_state                                        main.o
fputc                                             /usr/lib/gcc/avr/5.3.0/../../../../avr/lib/avr5/libc.a(fputc.o)
                                                  /usr/lib/gcc/avr/5.3.0/../../../../avr/lib/avr5/libprintf_flt.a(vfprintf_flt.o)
main                                              main.o
                                                  /usr/lib/gcc/avr/5.3.0/../../../../avr/lib/avr5/crtatmega168p.o
ping_state                                        main.o
printf                                            /usr/lib/gcc/avr/5.3.0/../../../../avr/lib/avr5/libc.a(printf.o)
                                                  main.o
puts                                              /usr/lib/gcc/avr/5.3.0/../../../../avr/lib/avr5/libc.a(puts.o)
                                                  main.o
reset_timer_0                                     main.o
reset_timer_2                                     main.o
send_state                                        main.o
state                                             main.o
state_transitions                                 main.o
strnlen                                           /usr/lib/gcc/avr/5.3.0/../../../../avr/lib/avr5/libc.a(strnlen.o)
                                                  /usr/lib/gcc/avr/5.3.0/../../../../avr/lib/avr5/libprintf_flt.a(vfprintf_flt.o)
strnlen_P                                         /usr/lib/gcc/avr/5.3.0/../../../../avr/lib/avr5/libc.a(strnlen_P.o)
                                                  /usr/lib/gcc/avr/5.3.0/../../../../avr/lib/avr5/libprintf_flt.a(vfprintf_flt.o)
timer0_init                                       main.o
timer2_init                                       main.o
tot_overflow0                                     main.o
tot_overflow1                                     main.o
usart0_str                                        main.o
vfprintf                                          /usr/lib/gcc/avr/5.3.0/../../../../avr/lib/avr5/libprintf_flt.a(vfprintf_flt.o)
                                                  /usr/lib/gcc/avr/5.3.0/../../../../avr/lib/avr5/libc.a(printf.o)
